// Jest Snapshot v1, https://goo.gl/fbAQLP

exports[`should render Header correctly 1`] = `
<div>
  <header>
    <h1>
      Expensify
    </h1>
    <[object Object]
      activeClassName="is-active"
      to="/dashboard"
    >
      Home
    </[object Object]>
    <span>
       - 
    </span>
    <[object Object]
      activeClassName="is-active"
      to="/create"
    >
      Add Expense
    </[object Object]>
    <button
      onClick={[Function]}
    >
      Logout
    </button>
  </header>
</div>
`;
